// Jest Snapshot v1, https://goo.gl/fbAQLP

exports[`should render ExpenseListItem correctly 1`] = `
<div>
  <Link
    replace={false}
    to="/edit/1"
  >
    <p>
      gum
    </p>
  </Link>
  <p>
    200
  </p>
  <p>
    0
  </p>
  <br />
</div>
`;
