// Jest Snapshot v1, https://goo.gl/fbAQLP

exports[`should render LoginPage correctly 1`] = `
<div
  className="box-layout"
>
  <div
    className="box-layout__box"
  >
    <h1
      className="box-layout__title"
    >
      Expense Tracker
    </h1>
    <p>
      Keep your expenses under control and spend responsibly.
    </p>
    <button
      className="btn-google"
    />
  </div>
</div>
`;
